// Jest Snapshot v1, https://goo.gl/fbAQLP

exports[`NotFound with no subject or descriptor renders and matches our snapshot 1`] = `
<div>
  <h2>
    Not Found!
  </h2>
</div>
`;
